Collecting fastapi (from -r requirements-core.txt (line 1))
  Using cached fastapi-0.139.0-py3-none-any.whl.metadata (26 kB)
Collecting python-multipart (from -r requirements-core.txt (line 3))
  Using cached python_multipart-0.0.32-py3-none-any.whl.metadata (2.1 kB)
Collecting pydantic>=2 (from -r requirements-core.txt (line 4))
  Using cached pydantic-2.13.4-py3-none-any.whl.metadata (109 kB)
Collecting pydantic-settings (from -r requirements-core.txt (line 5))
  Using cached pydantic_settings-2.14.2-py3-none-any.whl.metadata (3.4 kB)
Collecting sqlalchemy>=2 (from -r requirements-core.txt (line 6))
  Using cached sqlalchemy-2.0.51-cp313-cp313-win_amd64.whl.metadata (9.8 kB)
Collecting aiofiles (from -r requirements-core.txt (line 7))
  Using cached aiofiles-25.1.0-py3-none-any.whl.metadata (6.3 kB)
Collecting opencv-python-headless (from -r requirements-core.txt (line 8))
  Using cached opencv_python_headless-5.0.0.93-cp37-abi3-win_amd64.whl.metadata (20 kB)
Collecting faster-whisper (from -r requirements-core.txt (line 10))
  Using cached faster_whisper-1.2.1-py3-none-any.whl.metadata (16 kB)
Collecting librosa (from -r requirements-core.txt (line 11))
  Using cached librosa-0.11.0-py3-none-any.whl.metadata (8.7 kB)
Collecting soundfile (from -r requirements-core.txt (line 12))
  Using cached soundfile-0.14.0-py2.py3-none-win_amd64.whl.metadata (18 kB)
Collecting numpy (from -r requirements-core.txt (line 13))
  Using cached numpy-2.5.1-cp313-cp313-win_amd64.whl.metadata (6.6 kB)
Collecting pillow (from -r requirements-core.txt (line 14))
  Using cached pillow-12.3.0-cp313-cp313-win_amd64.whl.metadata (9.3 kB)
Collecting mediapipe (from -r requirements-core.txt (line 15))
  Using cached mediapipe-0.10.35-py3-none-win_amd64.whl.metadata (9.8 kB)
Collecting pytest (from -r requirements-core.txt (line 16))
  Using cached pytest-9.1.1-py3-none-any.whl.metadata (7.6 kB)
Collecting httpx (from -r requirements-core.txt (line 17))
  Using cached httpx-0.28.1-py3-none-any.whl.metadata (7.1 kB)
Collecting uvicorn[standard] (from -r requirements-core.txt (line 2))
  Downloading uvicorn-0.51.0-py3-none-any.whl.metadata (6.6 kB)
Collecting scenedetect[opencv] (from -r requirements-core.txt (line 9))
  Using cached scenedetect-0.7-py3-none-any.whl.metadata (3.9 kB)
Collecting starlette>=0.46.0 (from fastapi->-r requirements-core.txt (line 1))
  Using cached starlette-1.3.1-py3-none-any.whl.metadata (6.4 kB)
Collecting typing-extensions>=4.8.0 (from fastapi->-r requirements-core.txt (line 1))
  Using cached typing_extensions-4.16.0-py3-none-any.whl.metadata (3.3 kB)
Collecting typing-inspection>=0.4.2 (from fastapi->-r requirements-core.txt (line 1))
  Using cached typing_inspection-0.4.2-py3-none-any.whl.metadata (2.6 kB)
Collecting annotated-doc>=0.0.2 (from fastapi->-r requirements-core.txt (line 1))
  Using cached annotated_doc-0.0.4-py3-none-any.whl.metadata (6.6 kB)
Collecting click>=7.0 (from uvicorn[standard]->-r requirements-core.txt (line 2))
  Using cached click-8.4.2-py3-none-any.whl.metadata (2.6 kB)
Collecting h11>=0.8 (from uvicorn[standard]->-r requirements-core.txt (line 2))
  Using cached h11-0.16.0-py3-none-any.whl.metadata (8.3 kB)
Collecting httptools>=0.8.0 (from uvicorn[standard]->-r requirements-core.txt (line 2))
  Using cached httptools-0.8.0-cp313-cp313-win_amd64.whl.metadata (3.7 kB)
Collecting python-dotenv>=0.13 (from uvicorn[standard]->-r requirements-core.txt (line 2))
  Using cached python_dotenv-1.2.2-py3-none-any.whl.metadata (27 kB)
Collecting pyyaml>=5.1 (from uvicorn[standard]->-r requirements-core.txt (line 2))
  Using cached pyyaml-6.0.3-cp313-cp313-win_amd64.whl.metadata (2.4 kB)
Collecting watchfiles>=0.20 (from uvicorn[standard]->-r requirements-core.txt (line 2))
  Using cached watchfiles-1.2.0-cp313-cp313-win_amd64.whl.metadata (5.0 kB)
Collecting websockets>=13.0 (from uvicorn[standard]->-r requirements-core.txt (line 2))
  Downloading websockets-16.1-cp313-cp313-win_amd64.whl.metadata (7.0 kB)
Collecting annotated-types>=0.6.0 (from pydantic>=2->-r requirements-core.txt (line 4))
  Using cached annotated_types-0.7.0-py3-none-any.whl.metadata (15 kB)
Collecting pydantic-core==2.46.4 (from pydantic>=2->-r requirements-core.txt (line 4))
  Using cached pydantic_core-2.46.4-cp313-cp313-win_amd64.whl.metadata (6.7 kB)
Collecting greenlet>=1 (from sqlalchemy>=2->-r requirements-core.txt (line 6))
  Using cached greenlet-3.5.3-cp313-cp313-win_amd64.whl.metadata (3.9 kB)
WARNING: scenedetect 0.7 does not provide the extra 'opencv'
Collecting opencv-python (from scenedetect[opencv]->-r requirements-core.txt (line 9))
  Using cached opencv_python-5.0.0.93-cp37-abi3-win_amd64.whl.metadata (20 kB)
Collecting platformdirs (from scenedetect[opencv]->-r requirements-core.txt (line 9))
  Using cached platformdirs-4.10.0-py3-none-any.whl.metadata (5.5 kB)
Collecting tqdm (from scenedetect[opencv]->-r requirements-core.txt (line 9))
  Using cached tqdm-4.68.4-py3-none-any.whl.metadata (57 kB)
Collecting colorama (from click>=7.0->uvicorn[standard]->-r requirements-core.txt (line 2))
  Using cached colorama-0.4.6-py2.py3-none-any.whl.metadata (17 kB)
Collecting ctranslate2<5,>=4.0 (from faster-whisper->-r requirements-core.txt (line 10))
  Using cached ctranslate2-4.8.1-cp313-cp313-win_amd64.whl.metadata (11 kB)
Collecting huggingface-hub>=0.21 (from faster-whisper->-r requirements-core.txt (line 10))
  Downloading huggingface_hub-1.23.0-py3-none-any.whl.metadata (14 kB)
Collecting tokenizers<1,>=0.13 (from faster-whisper->-r requirements-core.txt (line 10))
  Using cached tokenizers-0.23.1-cp310-abi3-win_amd64.whl.metadata (10 kB)
Collecting onnxruntime<2,>=1.14 (from faster-whisper->-r requirements-core.txt (line 10))
  Using cached onnxruntime-1.27.0-cp313-cp313-win_amd64.whl.metadata (5.6 kB)
Collecting av>=11 (from faster-whisper->-r requirements-core.txt (line 10))
  Using cached av-18.0.0-cp311-abi3-win_amd64.whl.metadata (4.7 kB)
Collecting setuptools (from ctranslate2<5,>=4.0->faster-whisper->-r requirements-core.txt (line 10))
  Using cached setuptools-83.0.0-py3-none-any.whl.metadata (6.6 kB)
Collecting flatbuffers (from onnxruntime<2,>=1.14->faster-whisper->-r requirements-core.txt (line 10))
  Using cached flatbuffers-25.12.19-py2.py3-none-any.whl.metadata (1.0 kB)
Collecting packaging (from onnxruntime<2,>=1.14->faster-whisper->-r requirements-core.txt (line 10))
  Using cached packaging-26.2-py3-none-any.whl.metadata (3.5 kB)
Collecting protobuf>=4.25.8 (from onnxruntime<2,>=1.14->faster-whisper->-r requirements-core.txt (line 10))
  Using cached protobuf-7.35.1-cp310-abi3-win_amd64.whl.metadata (595 bytes)
Collecting filelock>=3.10.0 (from huggingface-hub>=0.21->faster-whisper->-r requirements-core.txt (line 10))
  Downloading filelock-3.29.7-py3-none-any.whl.metadata (2.0 kB)
Collecting fsspec>=2023.5.0 (from huggingface-hub>=0.21->faster-whisper->-r requirements-core.txt (line 10))
  Using cached fsspec-2026.6.0-py3-none-any.whl.metadata (10 kB)
Collecting hf-xet<2.0.0,>=1.5.1 (from huggingface-hub>=0.21->faster-whisper->-r requirements-core.txt (line 10))
  Using cached hf_xet-1.5.1-cp37-abi3-win_amd64.whl.metadata (4.9 kB)
Collecting anyio (from httpx->-r requirements-core.txt (line 17))
  Using cached anyio-4.14.1-py3-none-any.whl.metadata (4.6 kB)
Collecting certifi (from httpx->-r requirements-core.txt (line 17))
  Using cached certifi-2026.6.17-py3-none-any.whl.metadata (2.5 kB)
Collecting httpcore==1.* (from httpx->-r requirements-core.txt (line 17))
  Using cached httpcore-1.0.9-py3-none-any.whl.metadata (21 kB)
Collecting idna (from httpx->-r requirements-core.txt (line 17))
  Using cached idna-3.18-py3-none-any.whl.metadata (6.1 kB)
Collecting audioread>=2.1.9 (from librosa->-r requirements-core.txt (line 11))
  Using cached audioread-3.1.0-py3-none-any.whl.metadata (9.0 kB)
Collecting numba>=0.51.0 (from librosa->-r requirements-core.txt (line 11))
  Using cached numba-0.66.0-cp313-cp313-win_amd64.whl.metadata (2.8 kB)
Collecting scipy>=1.6.0 (from librosa->-r requirements-core.txt (line 11))
  Using cached scipy-1.18.0-cp313-cp313-win_amd64.whl.metadata (61 kB)
Collecting scikit-learn>=1.1.0 (from librosa->-r requirements-core.txt (line 11))
  Using cached scikit_learn-1.9.0-cp313-cp313-win_amd64.whl.metadata (11 kB)
Collecting joblib>=1.0 (from librosa->-r requirements-core.txt (line 11))
  Using cached joblib-1.5.3-py3-none-any.whl.metadata (5.5 kB)
Collecting decorator>=4.3.0 (from librosa->-r requirements-core.txt (line 11))
  Using cached decorator-5.3.1-py3-none-any.whl.metadata (3.9 kB)
Collecting pooch>=1.1 (from librosa->-r requirements-core.txt (line 11))
  Using cached pooch-1.9.0-py3-none-any.whl.metadata (10 kB)
Collecting soxr>=0.3.2 (from librosa->-r requirements-core.txt (line 11))
  Using cached soxr-1.1.0-cp312-abi3-win_amd64.whl.metadata (5.8 kB)
Collecting lazy_loader>=0.1 (from librosa->-r requirements-core.txt (line 11))
  Using cached lazy_loader-0.5-py3-none-any.whl.metadata (5.9 kB)
Collecting msgpack>=1.0 (from librosa->-r requirements-core.txt (line 11))
  Using cached msgpack-1.2.1-cp313-cp313-win_amd64.whl.metadata (8.5 kB)
Collecting standard-aifc (from librosa->-r requirements-core.txt (line 11))
  Using cached standard_aifc-3.13.0-py3-none-any.whl.metadata (969 bytes)
Collecting standard-sunau (from librosa->-r requirements-core.txt (line 11))
  Using cached standard_sunau-3.13.0-py3-none-any.whl.metadata (914 bytes)
Collecting cffi>=1.0 (from soundfile->-r requirements-core.txt (line 12))
  Using cached cffi-2.1.0-cp313-cp313-win_amd64.whl.metadata (2.6 kB)
Collecting absl-py~=2.3 (from mediapipe->-r requirements-core.txt (line 15))
  Using cached absl_py-2.5.0-py3-none-any.whl.metadata (3.3 kB)
Collecting sounddevice~=0.5 (from mediapipe->-r requirements-core.txt (line 15))
  Using cached sounddevice-0.5.5-py3-none-win_amd64.whl.metadata (1.4 kB)
Collecting opencv-contrib-python (from mediapipe->-r requirements-core.txt (line 15))
  Using cached opencv_contrib_python-5.0.0.93-cp37-abi3-win_amd64.whl.metadata (20 kB)
Collecting matplotlib (from mediapipe->-r requirements-core.txt (line 15))
  Using cached matplotlib-3.11.0-cp313-cp313-win_amd64.whl.metadata (80 kB)
Collecting iniconfig>=1.0.1 (from pytest->-r requirements-core.txt (line 16))
  Using cached iniconfig-2.3.0-py3-none-any.whl.metadata (2.5 kB)
Collecting pluggy<2,>=1.5 (from pytest->-r requirements-core.txt (line 16))
  Using cached pluggy-1.6.0-py3-none-any.whl.metadata (4.8 kB)
Collecting pygments>=2.7.2 (from pytest->-r requirements-core.txt (line 16))
  Using cached pygments-2.20.0-py3-none-any.whl.metadata (2.5 kB)
Collecting pycparser (from cffi>=1.0->soundfile->-r requirements-core.txt (line 12))
  Using cached pycparser-3.0-py3-none-any.whl.metadata (8.2 kB)
Collecting llvmlite<0.49,>=0.48.0dev0 (from numba>=0.51.0->librosa->-r requirements-core.txt (line 11))
  Using cached llvmlite-0.48.0-cp313-cp313-win_amd64.whl.metadata (5.2 kB)
Collecting numpy (from -r requirements-core.txt (line 13))
  Using cached numpy-2.4.6-cp313-cp313-win_amd64.whl.metadata (6.6 kB)
Collecting requests>=2.19.0 (from pooch>=1.1->librosa->-r requirements-core.txt (line 11))
  Using cached requests-2.34.2-py3-none-any.whl.metadata (4.8 kB)
Collecting charset_normalizer<4,>=2 (from requests>=2.19.0->pooch>=1.1->librosa->-r requirements-core.txt (line 11))
  Downloading charset_normalizer-3.4.9-cp313-cp313-win_amd64.whl.metadata (42 kB)
Collecting urllib3<3,>=1.26 (from requests>=2.19.0->pooch>=1.1->librosa->-r requirements-core.txt (line 11))
  Using cached urllib3-2.7.0-py3-none-any.whl.metadata (6.9 kB)
Collecting narwhals>=2.0.1 (from scikit-learn>=1.1.0->librosa->-r requirements-core.txt (line 11))
  Using cached narwhals-2.23.0-py3-none-any.whl.metadata (15 kB)
Collecting threadpoolctl>=3.5.0 (from scikit-learn>=1.1.0->librosa->-r requirements-core.txt (line 11))
  Using cached threadpoolctl-3.6.0-py3-none-any.whl.metadata (13 kB)
Collecting contourpy>=1.0.1 (from matplotlib->mediapipe->-r requirements-core.txt (line 15))
  Using cached contourpy-1.3.3-cp313-cp313-win_amd64.whl.metadata (5.5 kB)
Collecting cycler>=0.10 (from matplotlib->mediapipe->-r requirements-core.txt (line 15))
  Using cached cycler-0.12.1-py3-none-any.whl.metadata (3.8 kB)
Collecting fonttools>=4.22.0 (from matplotlib->mediapipe->-r requirements-core.txt (line 15))
  Using cached fonttools-4.63.0-cp313-cp313-win_amd64.whl.metadata (121 kB)
Collecting kiwisolver>=1.3.1 (from matplotlib->mediapipe->-r requirements-core.txt (line 15))
  Using cached kiwisolver-1.5.0-cp313-cp313-win_amd64.whl.metadata (5.2 kB)
Collecting pyparsing>=3 (from matplotlib->mediapipe->-r requirements-core.txt (line 15))
  Using cached pyparsing-3.3.2-py3-none-any.whl.metadata (5.8 kB)
Collecting python-dateutil>=2.7 (from matplotlib->mediapipe->-r requirements-core.txt (line 15))
  Using cached python_dateutil-2.9.0.post0-py2.py3-none-any.whl.metadata (8.4 kB)
Collecting six>=1.5 (from python-dateutil>=2.7->matplotlib->mediapipe->-r requirements-core.txt (line 15))
  Using cached six-1.17.0-py2.py3-none-any.whl.metadata (1.7 kB)
Collecting standard-chunk (from standard-aifc->librosa->-r requirements-core.txt (line 11))
  Using cached standard_chunk-3.13.0-py3-none-any.whl.metadata (860 bytes)
Collecting audioop-lts (from standard-aifc->librosa->-r requirements-core.txt (line 11))
  Using cached audioop_lts-0.2.2-cp313-abi3-win_amd64.whl.metadata (2.0 kB)
Using cached fastapi-0.139.0-py3-none-any.whl (130 kB)
Downloading uvicorn-0.51.0-py3-none-any.whl (73 kB)
Using cached python_multipart-0.0.32-py3-none-any.whl (30 kB)
Using cached pydantic-2.13.4-py3-none-any.whl (472 kB)
Using cached pydantic_core-2.46.4-cp313-cp313-win_amd64.whl (2.1 MB)
Using cached pydantic_settings-2.14.2-py3-none-any.whl (61 kB)
Using cached sqlalchemy-2.0.51-cp313-cp313-win_amd64.whl (2.1 MB)
Using cached aiofiles-25.1.0-py3-none-any.whl (14 kB)
Downloading opencv_python_headless-5.0.0.93-cp37-abi3-win_amd64.whl (43.8 MB)
WARNING: Connection timed out while downloading.
WARNING: Attempting to resume incomplete download (26.5 MB/43.8 MB, attempt 1)
Resuming download opencv_python_headless-5.0.0.93-cp37-abi3-win_amd64.whl (26.5 MB/43.8 MB)
Downloading scenedetect-0.7-py3-none-any.whl (134 kB)
Using cached click-8.4.2-py3-none-any.whl (119 kB)
Downloading faster_whisper-1.2.1-py3-none-any.whl (1.1 MB)
Downloading ctranslate2-4.8.1-cp313-cp313-win_amd64.whl (19.2 MB)
Downloading onnxruntime-1.27.0-cp313-cp313-win_amd64.whl (13.4 MB)
Using cached pyyaml-6.0.3-cp313-cp313-win_amd64.whl (154 kB)
Downloading tokenizers-0.23.1-cp310-abi3-win_amd64.whl (2.8 MB)
Downloading huggingface_hub-1.23.0-py3-none-any.whl (770 kB)
Using cached httpx-0.28.1-py3-none-any.whl (73 kB)
Downloading hf_xet-1.5.1-cp37-abi3-win_amd64.whl (4.0 MB)
Using cached httpcore-1.0.9-py3-none-any.whl (78 kB)
Downloading librosa-0.11.0-py3-none-any.whl (260 kB)
Downloading soundfile-0.14.0-py2.py3-none-win_amd64.whl (1.0 MB)
ERROR: Exception:
Traceback (most recent call last):
  File "C:\Users\divya\OneDrive\Desktop\VIDEO EDITOR\backend\.venv\Lib\site-packages\pip\_vendor\urllib3\response.py", line 897, in _error_catcher
    yield
  File "C:\Users\divya\OneDrive\Desktop\VIDEO EDITOR\backend\.venv\Lib\site-packages\pip\_vendor\urllib3\response.py", line 1022, in _raw_read
    data = self._fp_read(amt, read1=read1) if not fp_closed else b""
           ~~~~~~~~~~~~~^^^^^^^^^^^^^^^^^^
  File "C:\Users\divya\OneDrive\Desktop\VIDEO EDITOR\backend\.venv\Lib\site-packages\pip\_vendor\urllib3\response.py", line 1005, in _fp_read
    return self._fp.read(amt) if amt is not None else self._fp.read()
           ~~~~~~~~~~~~~^^^^^
  File "C:\Users\divya\OneDrive\Desktop\VIDEO EDITOR\backend\.venv\Lib\site-packages\pip\_vendor\cachecontrol\filewrapper.py", line 100, in read
    data: bytes = self.__fp.read(amt)
                  ~~~~~~~~~~~~~~^^^^^
  File "C:\Program Files\WindowsApps\PythonSoftwareFoundation.Python.3.13_3.13.3824.0_x64__qbz5n2kfra8p0\Lib\http\client.py", line 484, in read
    s = self.fp.read(amt)
  File "C:\Program Files\WindowsApps\PythonSoftwareFoundation.Python.3.13_3.13.3824.0_x64__qbz5n2kfra8p0\Lib\socket.py", line 723, in readinto
    return self._sock.recv_into(b)
           ~~~~~~~~~~~~~~~~~~~~^^^
  File "C:\Program Files\WindowsApps\PythonSoftwareFoundation.Python.3.13_3.13.3824.0_x64__qbz5n2kfra8p0\Lib\ssl.py", line 1304, in recv_into
    return self.read(nbytes, buffer)
           ~~~~~~~~~^^^^^^^^^^^^^^^^
  File "C:\Program Files\WindowsApps\PythonSoftwareFoundation.Python.3.13_3.13.3824.0_x64__qbz5n2kfra8p0\Lib\ssl.py", line 1138, in read
    return self._sslobj.read(len, buffer)
           ~~~~~~~~~~~~~~~~~^^^^^^^^^^^^^
ConnectionResetError: [WinError 10054] An existing connection was forcibly closed by the remote host

The above exception was the direct cause of the following exception:

Traceback (most recent call last):
  File "C:\Users\divya\OneDrive\Desktop\VIDEO EDITOR\backend\.venv\Lib\site-packages\pip\_internal\cli\base_command.py", line 109, in _run_wrapper
    status = _inner_run()
  File "C:\Users\divya\OneDrive\Desktop\VIDEO EDITOR\backend\.venv\Lib\site-packages\pip\_internal\cli\base_command.py", line 102, in _inner_run
    return self.run(options, args)
           ~~~~~~~~^^^^^^^^^^^^^^^
  File "C:\Users\divya\OneDrive\Desktop\VIDEO EDITOR\backend\.venv\Lib\site-packages\pip\_internal\cli\req_command.py", line 101, in wrapper
    return func(self, options, args)
  File "C:\Users\divya\OneDrive\Desktop\VIDEO EDITOR\backend\.venv\Lib\site-packages\pip\_internal\commands\install.py", line 506, in run
    preparer.prepare_linked_requirements_more(
    ~~~~~~~~~~~~~~~~~~~~~~~~~~~~~~~~~~~~~~~~~^
        requirement_set.requirements.values()
        ^^^^^^^^^^^^^^^^^^^^^^^^^^^^^^^^^^^^^
    )
    ^
  File "C:\Users\divya\OneDrive\Desktop\VIDEO EDITOR\backend\.venv\Lib\site-packages\pip\_internal\operations\prepare.py", line 569, in prepare_linked_requirements_more
    self._complete_partial_requirements(
    ~~~~~~~~~~~~~~~~~~~~~~~~~~~~~~~~~~~^
        partially_downloaded_reqs,
        ^^^^^^^^^^^^^^^^^^^^^^^^^^
        parallel_builds=parallel_builds,
        ^^^^^^^^^^^^^^^^^^^^^^^^^^^^^^^^
    )
    ^
  File "C:\Users\divya\OneDrive\Desktop\VIDEO EDITOR\backend\.venv\Lib\site-packages\pip\_internal\operations\prepare.py", line 478, in _complete_partial_requirements
    for link, (filepath, _) in batch_download:
                               ^^^^^^^^^^^^^^
  File "C:\Users\divya\OneDrive\Desktop\VIDEO EDITOR\backend\.venv\Lib\site-packages\pip\_internal\network\download.py", line 182, in batch
    filepath, content_type = self(link, location)
                             ~~~~^^^^^^^^^^^^^^^^
  File "C:\Users\divya\OneDrive\Desktop\VIDEO EDITOR\backend\.venv\Lib\site-packages\pip\_internal\network\download.py", line 193, in __call__
    self._process_response(download, resp)
    ~~~~~~~~~~~~~~~~~~~~~~^^^^^^^^^^^^^^^^
  File "C:\Users\divya\OneDrive\Desktop\VIDEO EDITOR\backend\.venv\Lib\site-packages\pip\_internal\network\download.py", line 210, in _process_response
    for chunk in chunks:
                 ^^^^^^
  File "C:\Users\divya\OneDrive\Desktop\VIDEO EDITOR\backend\.venv\Lib\site-packages\pip\_internal\network\utils.py", line 65, in response_chunks
    for chunk in response.raw.stream(
                 ~~~~~~~~~~~~~~~~~~~^
        chunk_size,
        ^^^^^^^^^^^
    ...<22 lines>...
        decode_content=False,
        ^^^^^^^^^^^^^^^^^^^^^
    ):
    ^
  File "C:\Users\divya\OneDrive\Desktop\VIDEO EDITOR\backend\.venv\Lib\site-packages\pip\_vendor\urllib3\response.py", line 1251, in stream
    data = self.read(amt=amt, decode_content=decode_content)
  File "C:\Users\divya\OneDrive\Desktop\VIDEO EDITOR\backend\.venv\Lib\site-packages\pip\_vendor\urllib3\response.py", line 1106, in read
    data = self._raw_read(amt)
  File "C:\Users\divya\OneDrive\Desktop\VIDEO EDITOR\backend\.venv\Lib\site-packages\pip\_vendor\urllib3\response.py", line 1021, in _raw_read
    with self._error_catcher():
         ~~~~~~~~~~~~~~~~~~~^^
  File "C:\Program Files\WindowsApps\PythonSoftwareFoundation.Python.3.13_3.13.3824.0_x64__qbz5n2kfra8p0\Lib\contextlib.py", line 162, in __exit__
    self.gen.throw(value)
    ~~~~~~~~~~~~~~^^^^^^^
  File "C:\Users\divya\OneDrive\Desktop\VIDEO EDITOR\backend\.venv\Lib\site-packages\pip\_vendor\urllib3\response.py", line 924, in _error_catcher
    raise ProtocolError(f"Connection broken: {e!r}", e) from e
pip._vendor.urllib3.exceptions.ProtocolError: ("Connection broken: ConnectionResetError(10054, 'An existing connection was forcibly closed by the remote host', None, 10054, None)", ConnectionResetError(10054, 'An existing connection was forcibly closed by the remote host', None, 10054, None))
